// Jest Snapshot v1, https://goo.gl/fbAQLP

exports[`VideoEditor snapshots renders as expected with default behavior 1`] = `
<ErrorContext.Provider
  value="hooks.errorsHook.error"
>
  <EditorContainer
    isDirty={[Function]}
    onClose={[MockFunction props.onClose]}
    validateEntry={[MockFunction validateEntry]}
  >
    <div
      className="video-editor"
    >
      <VideoEditorModal
        isLibrary={
          {
            "useSelector": [MockFunction],
          }
        }
      />
    </div>
  </EditorContainer>
</ErrorContext.Provider>
`;
