// Jest Snapshot v1, https://goo.gl/fbAQLP

exports[`VideoGallery component snapshot 1`] = `
<div>
  <SelectionModal
    acceptedFiles={
      Object {
        "mp4": ".mp4",
      }
    }
    close={[Function]}
    fileInput={
      Object {
        "addFile": "videoHooks.fileInput.addFile",
        "click": "videoHooks.fileInput.click",
        "ref": "videoHooks.fileInput.ref",
      }
    }
    galleryError={
      Object {
        "dismiss": [MockFunction],
        "message": Object {
          "defaultMessage": "Gallery error",
          "description": "Gallery error",
          "id": "Gallery error id",
        },
        "set": [MockFunction],
        "show": "ShoWERror gAlLery",
      }
    }
    galleryProps={
      Object {
        "gallery": "props",
      }
    }
    inputError={
      Object {
        "dismiss": [MockFunction],
        "message": Object {
          "defaultMessage": "Input error",
          "description": "Input error",
          "id": "Input error id",
        },
        "set": [MockFunction],
        "show": "ShoWERror inPUT",
      }
    }
    isFetchError={false}
    isFullscreenScroll={false}
    isLoaded={false}
    isOpen={true}
    isUploadError={false}
    modalMessages={
      Object {
        "confirmMsg": Object {
          "defaultMessage": "Select video",
          "description": "Label for Select video button",
          "id": "authoring.selectvideomodal.selectvideo.label",
        },
        "fetchError": Object {
          "defaultMessage": "Failed to obtain course videos. Please try again.",
          "description": "Message presented to user when videos are not found",
          "id": "authoring.selectvideomodal.error.fetchVideosError",
        },
        "titleMsg": Object {
          "defaultMessage": "Add video to your course",
          "description": "Title for the select video modal",
          "id": "authoring.selectvideomodal.title.label",
        },
        "uploadButtonMsg": Object {
          "defaultMessage": "Upload or embed a new video",
          "description": "Label for upload button",
          "id": "authoring.selectvideomodal.upload.label",
        },
        "uploadError": Object {
          "defaultMessage": "Failed to upload video. Please try again.",
          "description": "Message presented to user when video fails to upload",
          "id": "authoring.selectvideomodal.error.uploadVideoError",
        },
      }
    }
    searchSortProps={
      Object {
        "search": "sortProps",
      }
    }
    selectBtnProps={
      Object {
        "select": "btnProps",
      }
    }
    size="fullscreen"
  />
</div>
`;
