// Jest Snapshot v1, https://goo.gl/fbAQLP

exports[`DurationWidget render snapshots: renders as expected with default props 1`] = `
<injectIntl(ShimmedIntlComponent)
  subtitle="Full video length"
  title="Duration"
>
  <FormattedMessage
    defaultMessage="Set a specific section of the video to play."
    description="Description of Duration widget"
    id="authoring.videoeditor.duration.description"
  />
  <Component
    className="mt-4"
  >
    <Form.Group>
      <Form.Control
        floatingLabel="Start time"
        onBlur={[Function]}
        onChange={[Function]}
        value="00:00:00"
      />
      <Form.Control.Feedback>
        <FormattedMessage
          defaultMessage="Enter time as HH:MM:SS"
          description="Hint text for start and stop time input fields"
          id="authoring.videoeditor.duration.hint"
        />
      </Form.Control.Feedback>
    </Form.Group>
    <Form.Group>
      <Form.Control
        floatingLabel="Stop time"
        onBlur={[Function]}
        onChange={[Function]}
        value="00:00:00"
      />
      <Form.Control.Feedback>
        <FormattedMessage
          defaultMessage="Enter time as HH:MM:SS"
          description="Hint text for start and stop time input fields"
          id="authoring.videoeditor.duration.hint"
        />
      </Form.Control.Feedback>
    </Form.Group>
  </Component>
  <div
    className="mt-4"
  >
    Full video length
  </div>
</injectIntl(ShimmedIntlComponent)>
`;
