// Jest Snapshot v1, https://goo.gl/fbAQLP

exports[`<BasicSection /> matches the snapshots 1`] = `
<section
  className="section-container basic-section"
>
  <header
    className="section-header"
  >
    <span
      className="lead"
    >
      Basic information
    </span>
    <span
      className="x-small text-gray-700"
    >
      The nuts and bolts of this course
    </span>
  </header>
  <ul
    className="basic-info-list"
  >
    <li
      className="d-grid"
    >
      <h4
        className="text-gray-700"
      >
        Organization
      </h4>
      <span
        className="small"
      >
        foo org
      </span>
    </li>
    <li
      className="d-grid"
    >
      <h4
        className="text-gray-700"
      >
        Course number
      </h4>
      <span
        className="small"
      >
        bar number
      </span>
    </li>
    <li
      className="d-grid"
    >
      <h4
        className="text-gray-700"
      >
        Course run
      </h4>
      <span
        className="small"
      >
        foo run
      </span>
    </li>
  </ul>
  <div
    aria-atomic="true"
    aria-live="polite"
    className="pgn__pageBanner-component pgn__pageBanner__accentA"
    role="alert"
  >
    <div
      className="pgn__pageBanner-content"
    >
      <h4
        className="mb-2"
      >
        Promoting your course with edX
      </h4>
      <span
        className="text text-gray-700 text-left"
      >
        Your course summary page will not be viewable until your course has been announced. To provide content for the page and preview it, follow the instructions provided by your Program Manager. Please note that changes here may take up to a business day to appear on your course summary page.
      </span>
    </div>
    <span
      className="pgn__pageBanner-dismissButtonContainer"
    >
      <button
        aria-label="Dismiss"
        className="btn-icon btn-icon-black btn-icon-inline"
        onClick={[Function]}
        type="button"
      >
        <span
          className="btn-icon__icon-container"
        >
          <span
            className="pgn__icon btn-icon__icon"
          >
            <svg
              aria-hidden={true}
              fill="none"
              focusable={false}
              height={24}
              role="img"
              viewBox="0 0 24 24"
              width={24}
              xmlns="http://www.w3.org/2000/svg"
            >
              <path
                d="M19 6.41L17.59 5 12 10.59 6.41 5 5 6.41 10.59 12 5 17.59 6.41 19 12 13.41 17.59 19 19 17.59 13.41 12 19 6.41z"
                fill="currentColor"
              />
            </svg>
          </span>
        </span>
      </button>
    </span>
  </div>
</section>
`;
