// Jest Snapshot v1, https://goo.gl/fbAQLP

exports[`SettingsOption render snapshot: renders correct 1`] = `
<Card
  className=" settingsOption border border-light-700 shadow-none"
>
  <Card.Section
    className="settingsCardTitleSection"
  >
    <Advanced
      onToggle={[Function]}
      open={false}
    >
      <Trigger
        className="collapsible-trigger d-flex"
      >
        <span
          className="flex-grow-1 text-primary-500 x-small"
        >
          Settings Option Title
        </span>
        <Visible
          whenClosed={true}
        >
          <Icon />
        </Visible>
        <Visible
          whenOpen={true}
        >
          <Icon />
        </Visible>
      </Trigger>
    </Advanced>
  </Card.Section>
  <Card.Section
    className="px-4 pb-4 pt-3"
  >
    <Advanced
      open={true}
    >
      <Body
        className="collapsible-body"
      >
        <span
          className="small text-primary-500"
        >
          Settings Option Summary
        </span>
      </Body>
    </Advanced>
    <Advanced
      open={false}
    >
      <Body
        className="collapsible-body"
      >
        <h1>
          My test content
        </h1>
      </Body>
    </Advanced>
  </Card.Section>
</Card>
`;
