// Jest Snapshot v1, https://goo.gl/fbAQLP

exports[`Editor Container snapshots rendering correctly with expected Input 1`] = `
<div
  className="editor-page"
>
  <EditorPage
    blockId="company-id1"
    blockType="html"
    courseId="cOuRsEId"
    lmsEndpointUrl="http://localhost:18000"
    studioEndpointUrl="http://localhost:18010"
  />
</div>
`;
