// Jest Snapshot v1, https://goo.gl/fbAQLP

exports[`GroupFeedbackRow snapshot snapshot: renders hints row 1`] = `
<div
  className="mb-4"
>
  <ActionRow
    className="mb-2"
  >
    <Container
      className="p-0"
      fluid={true}
    >
      <ExpandableTextArea
        error={false}
        errorMessage={null}
        id="groupFeedback-0"
        onChange={[MockFunction handleFeedbackChange]}
        placeholder={null}
        value="sOmE FeEDBACK"
      />
    </Container>
    <IconButton
      alt="Delete answer"
      iconAs="Icon"
      onClick={[MockFunction handleDelete]}
      variant="primary"
    />
  </ActionRow>
  <Component
    onChange={[MockFunction handleAnswersSelectedChange]}
    value={
      Array [
        "A",
        "C",
      ]
    }
  >
    <Row
      className="mx-0"
    >
      <Form.Checkbox
        checked={-1}
        className="mr-4 mt-1"
        isValid={false}
      />
      <Form.Checkbox
        checked={-1}
        className="mr-4 mt-1"
        isValid={false}
      />
      <Form.Checkbox
        checked={-1}
        className="mr-4 mt-1"
        isValid={false}
      />
      <Form.Checkbox
        checked={-1}
        className="mr-4 mt-1"
        isValid={false}
      />
    </Row>
  </Component>
</div>
`;
