// Jest Snapshot v1, https://goo.gl/fbAQLP

exports[`SelectTypeModal snapshot 1`] = `
<injectIntl(ShimmedIntlComponent)
  onClose={[MockFunction]}
  selected="mOcKsELEcted"
>
  <Row
    className="justify-content-center align-items-stretch m-4"
  >
    <Col>
      <injectIntl(ShimmedIntlComponent)
        selected="mOcKsELEcted"
        setSelected={[MockFunction setSelected]}
      />
    </Col>
    <Col>
      <injectIntl(ShimmedIntlComponent)
        problemType="mOcKsELEcted"
      />
    </Col>
  </Row>
</injectIntl(ShimmedIntlComponent)>
`;
