// Jest Snapshot v1, https://goo.gl/fbAQLP

exports[`CourseUnitHeaderActionsSlot pluginProps are set correctly 1`] = `
<PluginSlot
  id="org.openedx.frontend.authoring.course_unit_header_actions.v1"
  idAliases={
    [
      "course_unit_header_actions_slot",
    ]
  }
  pluginProps={
    {
      "category": "vertical",
      "headerNavigationsActions": {
        "handleEdit": [MockFunction],
        "handlePreview": [MockFunction],
        "handleViewLive": [MockFunction],
      },
      "isUnitVerticalType": true,
      "unitTitle": "Mock Unit",
      "verticalBlocks": [],
    }
  }
>
  <HeaderNavigations
    category="vertical"
    headerNavigationsActions={
      {
        "handleEdit": [MockFunction],
        "handlePreview": [MockFunction],
        "handleViewLive": [MockFunction],
      }
    }
  />
</PluginSlot>
`;
