// Jest Snapshot v1, https://goo.gl/fbAQLP

exports[`FeedbackControl component renders 1`] = `
<Form.Group>
  <Form.Label
    className="mb-3"
  >
    <FormattedMessage
      0="m"
      1="s"
      2="g"
      values={
        {
          "answerId": "A",
          "boldunderline": <b>
            <u>
              <FormattedMessage
                0="m"
                1="s"
                2="g"
              />
            </u>
          </b>,
        }
      }
    />
  </Form.Label>
  <ExpandableTextArea
    error={false}
    errorMessage={null}
    id="undefinedFeedback-A"
    images={{}}
    isLibrary={false}
    learningContextId="course+org+run"
    placeholder={null}
    setContent={[MockFunction]}
    value="feedback"
  />
</Form.Group>
`;
