// Jest Snapshot v1, https://goo.gl/fbAQLP

exports[`<ScheduleSidebar /> should match the snapshot 1`] = `
<aside
  className="help-sidebar"
>
  <div
    className="help-sidebar-about"
  >
    <h4
      className="help-sidebar-about-title"
    >
      How are these settings used?
    </h4>
    <p
      className="help-sidebar-about-descriptions"
    >
      Your course's schedule determines when students can enroll in and begin a course. Other information from this page appears on the About page for your course. This information includes the course overview, course image, introduction video, and estimated time requirements. Students use About pages to choose new courses to take.
    </p>
  </div>
  <hr />
  <div
    className="help-sidebar-other"
  >
    <h4
      className="help-sidebar-other-title"
    >
      Other Course Settings
    </h4>
    <nav
      aria-label="Other Course Settings"
      className="help-sidebar-other-links"
    >
      <ul
        className="p-0 mb-0"
      >
        <li
          className="help-sidebar-other-link"
        >
          <a
            className="pgn__hyperlink default-link standalone-link"
            href="/course/course123/settings/details"
            onClick={[Function]}
            rel="noopener"
            target="_self"
          >
            Schedule & Details
          </a>
        </li>
        <li
          className="help-sidebar-other-link"
        >
          <a
            className="pgn__hyperlink default-link standalone-link"
            href="/course/course123/settings/grading"
            onClick={[Function]}
            rel="noopener"
            target="_self"
          >
            Grading
          </a>
        </li>
        <li
          className="help-sidebar-other-link"
        >
          <a
            className="pgn__hyperlink default-link standalone-link"
            href="/course/course123/course_team"
            onClick={[Function]}
            rel="noopener"
            target="_self"
          >
            Course Team
          </a>
        </li>
        <li
          className="help-sidebar-other-link"
        >
          <a
            className="pgn__hyperlink default-link standalone-link"
            href="link://to"
            onClick={[Function]}
            rel="noopener"
            target="_self"
          >
            Proctored exam settings
          </a>
        </li>
        <li
          className="help-sidebar-other-link"
        >
          <a
            className="pgn__hyperlink default-link standalone-link"
            href="https://example.com/group_configurations/course123"
            onClick={[Function]}
            rel="noopener"
            target="_self"
          >
            Group Configurations
          </a>
        </li>
        <li
          className="help-sidebar-other-link"
        >
          <a
            className="pgn__hyperlink default-link standalone-link"
            href="/course/course123/settings/advanced"
            onClick={[Function]}
            rel="noopener"
            target="_self"
          >
            Advanced Settings
          </a>
        </li>
      </ul>
    </nav>
  </div>
</aside>
`;
