// Jest Snapshot v1, https://goo.gl/fbAQLP

exports[`HintRow snapshot snapshot: renders hints row 1`] = `
<ActionRow
  className="mb-4"
>
  <Form.Control
    floatingLabel="Hint"
    onChange={[MockFunction]}
    value="hint_1"
  />
  <ActionRow.Spacer />
  <IconButton
    alt="Delete answer"
    iconAs="Icon"
    onClick={[MockFunction]}
  />
</ActionRow>
`;
