// Jest Snapshot v1, https://goo.gl/fbAQLP

exports[`HintRow snapshot snapshot: renders hints row 1`] = `
<div
  className="hintRow d-flex flex-row flex-nowrap justify-content-end"
>
  <div
    className="flex-grow-1"
  >
    <Form.Group>
      <Form.Control
        floatingLabel="Hint"
        onChange={[MockFunction]}
        value="hint_1"
      />
    </Form.Group>
  </div>
  <div>
    <IconButton
      alt="Delete answer"
      iconAs="Icon"
      onClick={[MockFunction]}
      variant="secondary"
    />
  </div>
</div>
`;
