// Jest Snapshot v1, https://goo.gl/fbAQLP

exports[`QuestionWidget render snapshot: renders correct default 1`] = `
<div
  className="tinyMceWidget"
>
  <div
    className="h4 mb-3"
  >
    <FormattedMessage
      defaultMessage="Question"
      description="Question Title"
      id="authoring.questionwidget.question.questionWidgetTitle"
    />
  </div>
  <TinyMceWidget
    disabled={false}
    editorContentHtml="This is my question"
    editorRef={null}
    editorType="question"
    enableImageUpload={true}
    id="question"
    images={{}}
    isLibrary={false}
    learningContextId="course+org+run"
    lmsEndpointUrl=""
    minHeight={150}
    onChange={[Function]}
    placeholder="Enter your question"
    setEditorRef={[MockFunction prepareEditorRef.setEditorRef]}
    studioEndpointUrl=""
  />
</div>
`;
