// Jest Snapshot v1, https://goo.gl/fbAQLP

exports[`<CreditSection /> matches the snapshots 1`] = `
<section
  className="section-container credit-section"
>
  <header
    className="section-header"
  >
    <span
      className="lead"
    >
      Course Credit Requirements
    </span>
    <span
      className="x-small text-gray-700"
    >
      Steps required to earn course credit
    </span>
  </header>
  <span>
    A requirement appears in this list when you publish the unit that contains the requirement.
  </span>
  <ul
    className="credit-info-list"
  >
    <li
      className="d-grid"
    >
      <h4
        className="text-gray-700"
      >
        Minimum Grade
      </h4>
      <div
        className="d-flex flex-column"
      >
        <span
          className="small"
        >
          80%
        </span>
      </div>
    </li>
  </ul>
</section>
`;
