// Jest Snapshot v1, https://goo.gl/fbAQLP

exports[`SettingAlert successfully renders 1`] = `
<div
  className="fade alert-content alert show"
  role="alert"
>
  <span
    className="pgn__icon alert-icon"
  >
    <svg
      aria-hidden={true}
      fill="none"
      focusable={false}
      height={24}
      role="img"
      viewBox="0 0 24 24"
      width={24}
      xmlns="http://www.w3.org/2000/svg"
    >
      <path
        d="M12 2C6.48 2 2 6.48 2 12s4.48 10 10 10 10-4.48 10-10S17.52 2 12 2zm-2 15l-5-5 1.41-1.41L10 14.17l7.59-7.59L19 8l-9 9z"
        fill="currentColor"
      />
    </svg>
  </span>
  <div
    className="pgn__alert-message-wrapper"
  >
    <div
      className="alert-message-content"
    >
      <div
        className="alert-heading h4"
      >
        Test Title
      </div>
      <p>
        Test Description
      </p>
    </div>
  </div>
</div>
`;
